[31m╷[0m[0m
[31m│[0m [0m[1m[31mError: [0m[0m[1mError acquiring the state lock[0m
[31m│[0m [0m
[31m│[0m [0m[0mError message: operation error S3: PutObject, https response error
[31m│[0m [0mStatusCode: 412, RequestID: CRTKK1X1SM531KZM, HostID:
[31m│[0m [0mfWY6aFHZN7wYXYsce1D1qSFCZFRXez1F5VRs29hjTy738HZfMIBnDEB2xVnKq087lCaNxu2OSYmdH4PGT6ZhAg/htWUqxIaz,
[31m│[0m [0mapi error PreconditionFailed: At least one of the pre-conditions you
[31m│[0m [0mspecified did not hold
[31m│[0m [0mLock Info:
[31m│[0m [0m  ID:        98c15e46-c328-66b1-82b7-23d528470eae
[31m│[0m [0m  Path:      pierre-tf-state/discord-bot/terraform.tfstate
[31m│[0m [0m  Operation: OperationTypeApply
[31m│[0m [0m  Who:       sirsimpalot@sirsimpalot-G5-5000
[31m│[0m [0m  Version:   1.15.4
[31m│[0m [0m  Created:   2026-06-29 08:23:01.566014485 +0000 UTC
[31m│[0m [0m  Info:      
[31m│[0m [0m
[31m│[0m [0m
[31m│[0m [0mTerraform acquires a state lock to protect the state from being written
[31m│[0m [0mby multiple users at the same time. Please resolve the issue above and try
[31m│[0m [0magain. For most commands, you can disable locking with the "-lock=false"
[31m│[0m [0mflag, but this is not recommended.
[31m╵[0m[0m
